INFO:werkzeug: * Running on http://127.0.0.1:8080/ (Press CTRL+C to quit)
INFO:werkzeug: * Running on http://127.0.0.1:8080/ (Press CTRL+C to quit)
DEBUG:root:debug
INFO:root:info
WARNING:root:warning
ERROR:root:error
CRITICAL:root:critical
INFO:werkzeug: * Running on http://127.0.0.1:8080/ (Press CTRL+C to quit)
ERROR:root:error
CRITICAL:root:critical
INFO:werkzeug: * Running on http://127.0.0.1:8080/ (Press CTRL+C to quit)
ERROR:root:error
CRITICAL:root:critical
INFO:werkzeug: * Running on http://127.0.0.1:8080/ (Press CTRL+C to quit)
ERROR:root:error
CRITICAL:root:critical
INFO:werkzeug: * Running on http://127.0.0.1:8080/ (Press CTRL+C to quit)
